// Jest Snapshot v1, https://goo.gl/fbAQLP

exports[`DataTable should match snapshot 1`] = `
.c0 {
  -webkit-flex: 2;
  -ms-flex: 2;
  flex: 2;
  display: -webkit-box;
  display: -webkit-flex;
  display: -ms-flexbox;
  display: flex;
  -webkit-flex-direction: column;
  -ms-flex-direction: column;
  flex-direction: column;
  margin: 18px;
  padding: 12px;
  background-color: #FFFFFF;
  box-shadow: 0px 1px 0px rgba(165,165,168,0.2);
  border-radius: 12px;
}

<div>
  <div
    class="c0"
  >
    No data to display.
  </div>
</div>
`;
