// Jest Snapshot v1, https://goo.gl/fbAQLP

exports[`UploadBox should match snapshot 1`] = `
.c0 {
  -webkit-flex: 1;
  -ms-flex: 1;
  flex: 1;
  display: -webkit-box;
  display: -webkit-flex;
  display: -ms-flexbox;
  display: flex;
  -webkit-flex-direction: column;
  -ms-flex-direction: column;
  flex-direction: column;
  margin: 18px;
  margin-right: 0;
  padding: 12px;
  background-color: #FFFFFF;
  box-shadow: 0px 1px 0px rgba(165,165,168,0.2);
  border-radius: 12px;
}

.c2 {
  display: none;
}

.c1 {
  -webkit-flex: 1;
  -ms-flex: 1;
  flex: 1;
  display: -webkit-box;
  display: -webkit-flex;
  display: -ms-flexbox;
  display: flex;
  -webkit-flex-direction: column;
  -ms-flex-direction: column;
  flex-direction: column;
  -webkit-align-items: center;
  -webkit-box-align: center;
  -ms-flex-align: center;
  align-items: center;
  -webkit-box-pack: center;
  -webkit-justify-content: center;
  -ms-flex-pack: center;
  justify-content: center;
  border-radius: 12px;
  border: 1px dashed #63AEF7;
  color: #707070;
  cursor: pointer;
  -webkit-transition: background-color 0.3s;
  transition: background-color 0.3s;
  text-align: center;
  padding: 12px;
}

.c1:hover {
  background-color: #d9eafb;
}

@media (max-width:768px) {
  .c0 {
    margin-right: 18px;
    margin-bottom: 0;
  }
}

<div>
  <div
    class="c0"
  >
    <label
      class="c1"
      for="file-id"
    >
      Click to upload
      <br />
      (accept only .csv file)
    </label>
    <input
      accept=".csv"
      class="c2"
      id="file-id"
      type="file"
    />
  </div>
</div>
`;
